{"cell": [0, 0, 0, 0], "kind": "PAIR_SUM", "unknown_cases": 0}
{"cell": [0, 0, 0, 1], "kind": "PAIR_SUM", "unknown_cases": 0}
{"cell": [0, 0, 0, 2], "kind": "PAIR_SUM", "unknown_cases": 0}
{"cell": [0, 0, 0, 3], "kind": "PAIR_SUM", "unknown_cases": 0}
{"cell": [0, 0, 1, 0], "kind": "PAIR_SUM", "unknown_cases": 0}
{"cell": [0, 0, 1, 1], "kind": "PAIR_SUM", "unknown_cases": 0}
{"cell": [0, 0, 1, 2], "kind": "PAIR_SUM", "unknown_cases": 0}
{"cell": [0, 0, 1, 3], "kind": "PAIR_SUM", "unknown_cases": 0}
{"cell": [0, 0, 2, 0], "kind": "PAIR_SUM", "unknown_cases": 0}
{"cell": [0, 0, 2, 1], "kind": "PAIR_SUM", "unknown_cases": 0}
{"cell": [0, 0, 2, 2], "kind": "PAIR_SUM", "unknown_cases": 0}
{"cell": [0, 0, 2, 3], "kind": "PAIR_SUM", "unknown_cases": 0}
{"cell": [0, 0, 3, 0], "kind": "PAIR_SUM", "unknown_cases": 0}
{"cell": [0, 0, 3, 1], "kind": "PAIR_SUM", "unknown_cases": 0}
{"cell": [0, 0, 3, 2], "kind": "PAIR_SUM", "unknown_cases": 0}
{"cell": [0, 0, 3, 3], "kind": "PAIR_SUM", "unknown_cases": 0}
{"cell": [0, 1, 0, 0], "kind": "PAIR_SUM", "unknown_cases": 0}
{"cell": [0, 1, 0, 1], "kind": "PAIR_SUM", "unknown_cases": 0}
{"cell": [0, 1, 0, 2], "kind": "PAIR_SUM", "unknown_cases": 0}
{"cell": [0, 1, 0, 3], "kind": "PAIR_SUM", "unknown_cases": 0}
{"cell": [0, 1, 1, 0], "kind": "PAIR_SUM", "unknown_cases": 0}
{"cell": [0, 1, 1, 1], "kind": "PAIR_SUM", "unknown_cases": 0}
{"cell": [0, 1, 1, 2], "kind": "PAIR_SUM", "unknown_cases": 0}
{"cell": [0, 1, 1, 3], "kind": "PAIR_SUM", "unknown_cases": 0}
{"cell": [0, 1, 2, 0], "kind": "PAIR_SUM", "unknown_cases": 0}
{"cell": [0, 1, 2, 1], "kind": "PAIR_SUM", "unknown_cases": 0}
{"cell": [0, 1, 2, 2], "kind": "PAIR_SUM", "unknown_cases": 0}
{"cell": [0, 1, 2, 3], "kind": "PAIR_SUM", "unknown_cases": 0}
{"cell": [0, 1, 3, 0], "kind": "PAIR_SUM", "unknown_cases": 0}
{"cell": [0, 1, 3, 1], "kind": "PAIR_SUM", "unknown_cases": 0}
{"cell": [0, 1, 3, 2], "kind": "PAIR_SUM", "unknown_cases": 0}
{"cell": [0, 1, 3, 3], "kind": "PAIR_SUM", "unknown_cases": 0}
{"cell": [0, 2, 0, 0], "kind": "PAIR_SUM", "unknown_cases": 0}
{"cell": [0, 2, 0, 1], "kind": "PAIR_SUM", "unknown_cases": 0}
{"cell": [0, 2, 0, 2], "kind": "PAIR_SUM", "unknown_cases": 0}
{"cell": [0, 2, 0, 3], "kind": "PAIR_SUM", "unknown_cases": 0}
{"cell": [0, 2, 1, 0], "kind": "PAIR_SUM", "unknown_cases": 0}
{"cell": [0, 2, 1, 1], "kind": "PAIR_SUM", "unknown_cases": 0}
{"cell": [0, 2, 1, 2], "kind": "PAIR_SUM", "unknown_cases": 0}
{"cell": [0, 2, 1, 3], "kind": "PAIR_SUM", "unknown_cases": 0}
{"cell": [0, 2, 2, 0], "kind": "PAIR_SUM", "unknown_cases": 0}
{"cell": [0, 2, 2, 1], "kind": "PAIR_SUM", "unknown_cases": 0}
{"cell": [0, 2, 2, 2], "kind": "ANGLE_COVER", "unknown_cases": 0}
{"cell": [0, 2, 2, 3], "kind": "ANGLE_COVER", "unknown_cases": 0}
{"cell": [0, 2, 3, 0], "kind": "PAIR_SUM", "unknown_cases": 0}
{"cell": [0, 2, 3, 1], "kind": "PAIR_SUM", "unknown_cases": 0}
{"cell": [0, 2, 3, 2], "kind": "ANGLE_COVER", "unknown_cases": 0}
{"cell": [0, 2, 3, 3], "kind": "ANGLE_COVER", "unknown_cases": 280}
{"cell": [0, 3, 0, 0], "kind": "PAIR_SUM", "unknown_cases": 0}
{"cell": [0, 3, 0, 1], "kind": "PAIR_SUM", "unknown_cases": 0}
{"cell": [0, 3, 0, 2], "kind": "PAIR_SUM", "unknown_cases": 0}
{"cell": [0, 3, 0, 3], "kind": "PAIR_SUM", "unknown_cases": 0}
{"cell": [0, 3, 1, 0], "kind": "PAIR_SUM", "unknown_cases": 0}
{"cell": [0, 3, 1, 1], "kind": "PAIR_SUM", "unknown_cases": 0}
{"cell": [0, 3, 1, 2], "kind": "PAIR_SUM", "unknown_cases": 0}
{"cell": [0, 3, 1, 3], "kind": "PAIR_SUM", "unknown_cases": 0}
{"cell": [0, 3, 2, 0], "kind": "PAIR_SUM", "unknown_cases": 0}
{"cell": [0, 3, 2, 1], "kind": "PAIR_SUM", "unknown_cases": 0}
{"cell": [0, 3, 2, 2], "kind": "ANGLE_COVER", "unknown_cases": 0}
{"cell": [0, 3, 2, 3], "kind": "ANGLE_COVER", "unknown_cases": 80}
{"cell": [0, 3, 3, 0], "kind": "PAIR_SUM", "unknown_cases": 0}
{"cell": [0, 3, 3, 1], "kind": "PAIR_SUM", "unknown_cases": 0}
{"cell": [0, 3, 3, 2], "kind": "ANGLE_COVER", "unknown_cases": 0}
{"cell": [0, 3, 3, 3], "kind": "ANGLE_COVER", "unknown_cases": 2512}
{"cell": [1, 0, 0, 0], "kind": "PAIR_SUM", "unknown_cases": 0}
{"cell": [1, 0, 0, 1], "kind": "PAIR_SUM", "unknown_cases": 0}
{"cell": [1, 0, 0, 2], "kind": "PAIR_SUM", "unknown_cases": 0}
{"cell": [1, 0, 0, 3], "kind": "PAIR_SUM", "unknown_cases": 0}
{"cell": [1, 0, 1, 0], "kind": "PAIR_SUM", "unknown_cases": 0}
{"cell": [1, 0, 1, 1], "kind": "PAIR_SUM", "unknown_cases": 0}
{"cell": [1, 0, 1, 2], "kind": "PAIR_SUM", "unknown_cases": 0}
{"cell": [1, 0, 1, 3], "kind": "PAIR_SUM", "unknown_cases": 0}
{"cell": [1, 0, 2, 0], "kind": "PAIR_SUM", "unknown_cases": 0}
{"cell": [1, 0, 2, 1], "kind": "PAIR_SUM", "unknown_cases": 0}
{"cell": [1, 0, 2, 2], "kind": "PAIR_SUM", "unknown_cases": 0}
{"cell": [1, 0, 2, 3], "kind": "PAIR_SUM", "unknown_cases": 0}
{"cell": [1, 0, 3, 0], "kind": "PAIR_SUM", "unknown_cases": 0}
{"cell": [1, 0, 3, 1], "kind": "PAIR_SUM", "unknown_cases": 0}
{"cell": [1, 0, 3, 2], "kind": "PAIR_SUM", "unknown_cases": 0}
{"cell": [1, 0, 3, 3], "kind": "PAIR_SUM", "unknown_cases": 0}
{"cell": [1, 1, 0, 0], "kind": "PAIR_SUM", "unknown_cases": 0}
{"cell": [1, 1, 0, 1], "kind": "PAIR_SUM", "unknown_cases": 0}
{"cell": [1, 1, 0, 2], "kind": "PAIR_SUM", "unknown_cases": 0}
{"cell": [1, 1, 0, 3], "kind": "PAIR_SUM", "unknown_cases": 0}
{"cell": [1, 1, 1, 0], "kind": "PAIR_SUM", "unknown_cases": 0}
{"cell": [1, 1, 1, 1], "kind": "ANGLE_COVER", "unknown_cases": 0}
{"cell": [1, 1, 1, 2], "kind": "ANGLE_COVER", "unknown_cases": 0}
{"cell": [1, 1, 1, 3], "kind": "ANGLE_COVER", "unknown_cases": 0}
{"cell": [1, 1, 2, 0], "kind": "PAIR_SUM", "unknown_cases": 0}
{"cell": [1, 1, 2, 1], "kind": "ANGLE_COVER", "unknown_cases": 0}
{"cell": [1, 1, 2, 2], "kind": "ANGLE_COVER", "unknown_cases": 0}
{"cell": [1, 1, 2, 3], "kind": "ANGLE_COVER", "unknown_cases": 0}
{"cell": [1, 1, 3, 0], "kind": "PAIR_SUM", "unknown_cases": 0}
{"cell": [1, 1, 3, 1], "kind": "ANGLE_COVER", "unknown_cases": 0}
{"cell": [1, 1, 3, 2], "kind": "ANGLE_COVER", "unknown_cases": 0}
{"cell": [1, 1, 3, 3], "kind": "ANGLE_COVER", "unknown_cases": 0}
{"cell": [1, 2, 0, 0], "kind": "PAIR_SUM", "unknown_cases": 0}
{"cell": [1, 2, 0, 1], "kind": "PAIR_SUM", "unknown_cases": 0}
{"cell": [1, 2, 0, 2], "kind": "PAIR_SUM", "unknown_cases": 0}
{"cell": [1, 2, 0, 3], "kind": "PAIR_SUM", "unknown_cases": 0}
{"cell": [1, 2, 1, 0], "kind": "PAIR_SUM", "unknown_cases": 0}
{"cell": [1, 2, 1, 1], "kind": "ANGLE_COVER", "unknown_cases": 0}
{"cell": [1, 2, 1, 2], "kind": "ANGLE_COVER", "unknown_cases": 0}
{"cell": [1, 2, 1, 3], "kind": "ANGLE_COVER", "unknown_cases": 0}
{"cell": [1, 2, 2, 0], "kind": "PAIR_SUM", "unknown_cases": 0}
{"cell": [1, 2, 2, 1], "kind": "ANGLE_COVER", "unknown_cases": 0}
{"cell": [1, 2, 2, 2], "kind": "ANGLE_COVER", "unknown_cases": 0}
{"cell": [1, 2, 2, 3], "kind": "ANGLE_COVER", "unknown_cases": 0}
{"cell": [1, 2, 3, 0], "kind": "PAIR_SUM", "unknown_cases": 0}
{"cell": [1, 2, 3, 1], "kind": "ANGLE_COVER", "unknown_cases": 0}
{"cell": [1, 2, 3, 2], "kind": "ANGLE_COVER", "unknown_cases": 0}
{"cell": [1, 2, 3, 3], "kind": "ANGLE_COVER", "unknown_cases": 0}
{"cell": [1, 3, 0, 0], "kind": "PAIR_SUM", "unknown_cases": 0}
{"cell": [1, 3, 0, 1], "kind": "PAIR_SUM", "unknown_cases": 0}
{"cell": [1, 3, 0, 2], "kind": "PAIR_SUM", "unknown_cases": 0}
{"cell": [1, 3, 0, 3], "kind": "PAIR_SUM", "unknown_cases": 0}
{"cell": [1, 3, 1, 0], "kind": "PAIR_SUM", "unknown_cases": 0}
{"cell": [1, 3, 1, 1], "kind": "ANGLE_COVER", "unknown_cases": 0}
{"cell": [1, 3, 1, 2], "kind": "ANGLE_COVER", "unknown_cases": 0}
{"cell": [1, 3, 1, 3], "kind": "ANGLE_COVER", "unknown_cases": 0}
{"cell": [1, 3, 2, 0], "kind": "PAIR_SUM", "unknown_cases": 0}
{"cell": [1, 3, 2, 1], "kind": "ANGLE_COVER", "unknown_cases": 0}
{"cell": [1, 3, 2, 2], "kind": "ANGLE_COVER", "unknown_cases": 0}
{"cell": [1, 3, 2, 3], "kind": "ANGLE_COVER", "unknown_cases": 0}
{"cell": [1, 3, 3, 0], "kind": "PAIR_SUM", "unknown_cases": 0}
{"cell": [1, 3, 3, 1], "kind": "ANGLE_COVER", "unknown_cases": 0}
{"cell": [1, 3, 3, 2], "kind": "ANGLE_COVER", "unknown_cases": 0}
{"cell": [1, 3, 3, 3], "kind": "ANGLE_COVER", "unknown_cases": 896}
{"cell": [2, 0, 0, 0], "kind": "PAIR_SUM", "unknown_cases": 0}
{"cell": [2, 0, 0, 1], "kind": "PAIR_SUM", "unknown_cases": 0}
{"cell": [2, 0, 0, 2], "kind": "PAIR_SUM", "unknown_cases": 0}
{"cell": [2, 0, 0, 3], "kind": "PAIR_SUM", "unknown_cases": 0}
{"cell": [2, 0, 1, 0], "kind": "PAIR_SUM", "unknown_cases": 0}
{"cell": [2, 0, 1, 1], "kind": "PAIR_SUM", "unknown_cases": 0}
{"cell": [2, 0, 1, 2], "kind": "PAIR_SUM", "unknown_cases": 0}
{"cell": [2, 0, 1, 3], "kind": "PAIR_SUM", "unknown_cases": 0}
{"cell": [2, 0, 2, 0], "kind": "PAIR_SUM", "unknown_cases": 0}
{"cell": [2, 0, 2, 1], "kind": "PAIR_SUM", "unknown_cases": 0}
{"cell": [2, 0, 2, 2], "kind": "ANGLE_COVER", "unknown_cases": 0}
{"cell": [2, 0, 2, 3], "kind": "ANGLE_COVER", "unknown_cases": 0}
{"cell": [2, 0, 3, 0], "kind": "PAIR_SUM", "unknown_cases": 0}
{"cell": [2, 0, 3, 1], "kind": "PAIR_SUM", "unknown_cases": 0}
{"cell": [2, 0, 3, 2], "kind": "ANGLE_COVER", "unknown_cases": 0}
{"cell": [2, 0, 3, 3], "kind": "ANGLE_COVER", "unknown_cases": 176}
{"cell": [2, 1, 0, 0], "kind": "PAIR_SUM", "unknown_cases": 0}
{"cell": [2, 1, 0, 1], "kind": "PAIR_SUM", "unknown_cases": 0}
{"cell": [2, 1, 0, 2], "kind": "PAIR_SUM", "unknown_cases": 0}
{"cell": [2, 1, 0, 3], "kind": "PAIR_SUM", "unknown_cases": 0}
{"cell": [2, 1, 1, 0], "kind": "PAIR_SUM", "unknown_cases": 0}
{"cell": [2, 1, 1, 1], "kind": "ANGLE_COVER", "unknown_cases": 0}
{"cell": [2, 1, 1, 2], "kind": "ANGLE_COVER", "unknown_cases": 0}
{"cell": [2, 1, 1, 3], "kind": "ANGLE_COVER", "unknown_cases": 0}
{"cell": [2, 1, 2, 0], "kind": "PAIR_SUM", "unknown_cases": 0}
{"cell": [2, 1, 2, 1], "kind": "ANGLE_COVER", "unknown_cases": 0}
{"cell": [2, 1, 2, 2], "kind": "ANGLE_COVER", "unknown_cases": 0}
{"cell": [2, 1, 2, 3], "kind": "ANGLE_COVER", "unknown_cases": 0}
{"cell": [2, 1, 3, 0], "kind": "PAIR_SUM", "unknown_cases": 0}
{"cell": [2, 1, 3, 1], "kind": "ANGLE_COVER", "unknown_cases": 0}
{"cell": [2, 1, 3, 2], "kind": "ANGLE_COVER", "unknown_cases": 0}
{"cell": [2, 1, 3, 3], "kind": "ANGLE_COVER", "unknown_cases": 0}
{"cell": [2, 2, 0, 0], "kind": "PAIR_SUM", "unknown_cases": 0}
{"cell": [2, 2, 0, 1], "kind": "PAIR_SUM", "unknown_cases": 0}
{"cell": [2, 2, 0, 2], "kind": "ANGLE_COVER", "unknown_cases": 0}
{"cell": [2, 2, 0, 3], "kind": "ANGLE_COVER", "unknown_cases": 0}
{"cell": [2, 2, 1, 0], "kind": "PAIR_SUM", "unknown_cases": 0}
{"cell": [2, 2, 1, 1], "kind": "ANGLE_COVER", "unknown_cases": 0}
{"cell": [2, 2, 1, 2], "kind": "ANGLE_COVER", "unknown_cases": 0}
{"cell": [2, 2, 1, 3], "kind": "ANGLE_COVER", "unknown_cases": 0}
{"cell": [2, 2, 2, 0], "kind": "ANGLE_COVER", "unknown_cases": 0}
{"cell": [2, 2, 2, 1], "kind": "ANGLE_COVER", "unknown_cases": 0}
{"cell": [2, 2, 2, 2], "kind": "ANGLE_COVER", "unknown_cases": 0}
{"cell": [2, 2, 2, 3], "kind": "ANGLE_COVER", "unknown_cases": 192}
{"cell": [2, 2, 3, 0], "kind": "ANGLE_COVER", "unknown_cases": 0}
{"cell": [2, 2, 3, 1], "kind": "ANGLE_COVER", "unknown_cases": 0}
{"cell": [2, 2, 3, 2], "kind": "ANGLE_COVER", "unknown_cases": 0}
{"cell": [2, 2, 3, 3], "kind": "ANGLE_COVER", "unknown_cases": 1024}
{"cell": [2, 3, 0, 0], "kind": "PAIR_SUM", "unknown_cases": 0}
{"cell": [2, 3, 0, 1], "kind": "PAIR_SUM", "unknown_cases": 0}
{"cell": [2, 3, 0, 2], "kind": "ANGLE_COVER", "unknown_cases": 0}
{"cell": [2, 3, 0, 3], "kind": "ANGLE_COVER", "unknown_cases": 0}
{"cell": [2, 3, 1, 0], "kind": "PAIR_SUM", "unknown_cases": 0}
{"cell": [2, 3, 1, 1], "kind": "ANGLE_COVER", "unknown_cases": 0}
{"cell": [2, 3, 1, 2], "kind": "ANGLE_COVER", "unknown_cases": 0}
{"cell": [2, 3, 1, 3], "kind": "ANGLE_COVER", "unknown_cases": 0}
{"cell": [2, 3, 2, 0], "kind": "ANGLE_COVER", "unknown_cases": 0}
{"cell": [2, 3, 2, 1], "kind": "ANGLE_COVER", "unknown_cases": 0}
{"cell": [2, 3, 2, 2], "kind": "ANGLE_COVER", "unknown_cases": 0}
{"cell": [2, 3, 2, 3], "kind": "ANGLE_COVER", "unknown_cases": 2208}
{"cell": [2, 3, 3, 0], "kind": "ANGLE_COVER", "unknown_cases": 0}
{"cell": [2, 3, 3, 1], "kind": "ANGLE_COVER", "unknown_cases": 0}
{"cell": [2, 3, 3, 2], "kind": "ANGLE_COVER", "unknown_cases": 336}
{"cell": [2, 3, 3, 3], "kind": "ANGLE_COVER", "unknown_cases": 7680}
{"cell": [3, 0, 0, 0], "kind": "PAIR_SUM", "unknown_cases": 0}
{"cell": [3, 0, 0, 1], "kind": "PAIR_SUM", "unknown_cases": 0}
{"cell": [3, 0, 0, 2], "kind": "PAIR_SUM", "unknown_cases": 0}
{"cell": [3, 0, 0, 3], "kind": "PAIR_SUM", "unknown_cases": 0}
{"cell": [3, 0, 1, 0], "kind": "PAIR_SUM", "unknown_cases": 0}
{"cell": [3, 0, 1, 1], "kind": "PAIR_SUM", "unknown_cases": 0}
{"cell": [3, 0, 1, 2], "kind": "PAIR_SUM", "unknown_cases": 0}
{"cell": [3, 0, 1, 3], "kind": "PAIR_SUM", "unknown_cases": 0}
{"cell": [3, 0, 2, 0], "kind": "PAIR_SUM", "unknown_cases": 0}
{"cell": [3, 0, 2, 1], "kind": "PAIR_SUM", "unknown_cases": 0}
{"cell": [3, 0, 2, 2], "kind": "ANGLE_COVER", "unknown_cases": 0}
{"cell": [3, 0, 2, 3], "kind": "ANGLE_COVER", "unknown_cases": 0}
{"cell": [3, 0, 3, 0], "kind": "PAIR_SUM", "unknown_cases": 0}
{"cell": [3, 0, 3, 1], "kind": "PAIR_SUM", "unknown_cases": 0}
{"cell": [3, 0, 3, 2], "kind": "ANGLE_COVER", "unknown_cases": 0}
{"cell": [3, 0, 3, 3], "kind": "ANGLE_COVER", "unknown_cases": 1980}
{"cell": [3, 1, 0, 0], "kind": "PAIR_SUM", "unknown_cases": 0}
{"cell": [3, 1, 0, 1], "kind": "PAIR_SUM", "unknown_cases": 0}
{"cell": [3, 1, 0, 2], "kind": "PAIR_SUM", "unknown_cases": 0}
{"cell": [3, 1, 0, 3], "kind": "PAIR_SUM", "unknown_cases": 0}
{"cell": [3, 1, 1, 0], "kind": "PAIR_SUM", "unknown_cases": 0}
{"cell": [3, 1, 1, 1], "kind": "ANGLE_COVER", "unknown_cases": 0}
{"cell": [3, 1, 1, 2], "kind": "ANGLE_COVER", "unknown_cases": 0}
{"cell": [3, 1, 1, 3], "kind": "ANGLE_COVER", "unknown_cases": 0}
{"cell": [3, 1, 2, 0], "kind": "PAIR_SUM", "unknown_cases": 0}
{"cell": [3, 1, 2, 1], "kind": "ANGLE_COVER", "unknown_cases": 0}
{"cell": [3, 1, 2, 2], "kind": "ANGLE_COVER", "unknown_cases": 0}
{"cell": [3, 1, 2, 3], "kind": "ANGLE_COVER", "unknown_cases": 0}
{"cell": [3, 1, 3, 0], "kind": "PAIR_SUM", "unknown_cases": 0}
{"cell": [3, 1, 3, 1], "kind": "ANGLE_COVER", "unknown_cases": 0}
{"cell": [3, 1, 3, 2], "kind": "ANGLE_COVER", "unknown_cases": 0}
{"cell": [3, 1, 3, 3], "kind": "ANGLE_COVER", "unknown_cases": 496}
{"cell": [3, 2, 0, 0], "kind": "PAIR_SUM", "unknown_cases": 0}
{"cell": [3, 2, 0, 1], "kind": "PAIR_SUM", "unknown_cases": 0}
{"cell": [3, 2, 0, 2], "kind": "ANGLE_COVER", "unknown_cases": 0}
{"cell": [3, 2, 0, 3], "kind": "ANGLE_COVER", "unknown_cases": 0}
{"cell": [3, 2, 1, 0], "kind": "PAIR_SUM", "unknown_cases": 0}
{"cell": [3, 2, 1, 1], "kind": "ANGLE_COVER", "unknown_cases": 0}
{"cell": [3, 2, 1, 2], "kind": "ANGLE_COVER", "unknown_cases": 0}
{"cell": [3, 2, 1, 3], "kind": "ANGLE_COVER", "unknown_cases": 0}
{"cell": [3, 2, 2, 0], "kind": "ANGLE_COVER", "unknown_cases": 0}
{"cell": [3, 2, 2, 1], "kind": "ANGLE_COVER", "unknown_cases": 0}
{"cell": [3, 2, 2, 2], "kind": "ANGLE_COVER", "unknown_cases": 0}
{"cell": [3, 2, 2, 3], "kind": "ANGLE_COVER", "unknown_cases": 2448}
{"cell": [3, 2, 3, 0], "kind": "ANGLE_COVER", "unknown_cases": 0}
{"cell": [3, 2, 3, 1], "kind": "ANGLE_COVER", "unknown_cases": 0}
{"cell": [3, 2, 3, 2], "kind": "ANGLE_COVER", "unknown_cases": 832}
{"cell": [3, 2, 3, 3], "kind": "ANGLE_COVER", "unknown_cases": 10368}
{"cell": [3, 3, 0, 0], "kind": "PAIR_SUM", "unknown_cases": 0}
{"cell": [3, 3, 0, 1], "kind": "PAIR_SUM", "unknown_cases": 0}
{"cell": [3, 3, 0, 2], "kind": "ANGLE_COVER", "unknown_cases": 0}
{"cell": [3, 3, 0, 3], "kind": "ANGLE_COVER", "unknown_cases": 880}
{"cell": [3, 3, 1, 0], "kind": "PAIR_SUM", "unknown_cases": 0}
{"cell": [3, 3, 1, 1], "kind": "ANGLE_COVER", "unknown_cases": 0}
{"cell": [3, 3, 1, 2], "kind": "ANGLE_COVER", "unknown_cases": 0}
{"cell": [3, 3, 1, 3], "kind": "ANGLE_COVER", "unknown_cases": 32}
{"cell": [3, 3, 2, 0], "kind": "ANGLE_COVER", "unknown_cases": 0}
{"cell": [3, 3, 2, 1], "kind": "ANGLE_COVER", "unknown_cases": 0}
{"cell": [3, 3, 2, 2], "kind": "ANGLE_COVER", "unknown_cases": 1024}
{"cell": [3, 3, 2, 3], "kind": "ANGLE_COVER", "unknown_cases": 8928}
{"cell": [3, 3, 3, 0], "kind": "ANGLE_COVER", "unknown_cases": 472}
{"cell": [3, 3, 3, 1], "kind": "ANGLE_COVER", "unknown_cases": 0}
{"cell": [3, 3, 3, 2], "kind": "ANGLE_COVER", "unknown_cases": 3168}
{"cell": [3, 3, 3, 3], "kind": "ANGLE_COVER", "unknown_cases": 12288}
{
  "status": "UNKNOWN",
  "radial_cells": 256,
  "covered_cases": 3145728,
  "closed_cases": 3087428,
  "unknown_cases": 58300,
  "elapsed_seconds": 3.3354852850316092
}
